// Jest Snapshot v1, https://goo.gl/fbAQLP

exports[`should output subscription 1`] = `
"subscription {
	message {
		message
		value
		id
	}
}"
`;
