// Jest Snapshot v1, https://goo.gl/fbAQLP

exports[`should output subscription type 1`] = `
"extend type Subscription {
Ping:Ping
Message:Message
}"
`;
