// Jest Snapshot v1, https://goo.gl/fbAQLP

exports[`should create server 1`] = `
Object {
  "Ping": Object {
    "subscribe": [Function],
  },
}
`;
