// Jest Snapshot v1, https://goo.gl/fbAQLP

exports[`should build schema 1`] = `[Function]`;
